Sjasm Z80 Assembler v0.4 BETA 6 - www.xl2s.tk             [2009.02.13 - 23:18:38]

c:\msx\nowind\msxsrc\extendedBios.asm
Errors: 12

       1   00:0000                      
       2   00:0000                      installExtendedBios:
       3   00:0000                      
       4   00:0000                              ; Called from INIENV, so EXTBIO hook is already initialized
       5   00:0000                      
c:\msx\nowind\msxsrc\extendedBios.asm line 6: Unrecognized instruction: debugmessage
       6   00:0000                              DEBUGMESSAGE "extbio"
c:\msx\nowind\msxsrc\extendedBios.asm line 7: Label not found: GETWRK
       7   00:0000  CD 00 00                    call GETWRK                     ; save previous EXTBIO hook
       8   00:0003  23                          inc hl
       9   00:0004  EB                          ex de,hl        
c:\msx\nowind\msxsrc\extendedBios.asm line 10: Label not found: EXTBIO
      10   00:0005  21 00 00                    ld hl,EXTBIO
      11   00:0008  01 05 00                    ld bc,5
      12   00:000B  ED B0                       ldir
      13   00:000D                              
c:\msx\nowind\msxsrc\extendedBios.asm line 14: Label not found: GETSLT
      14   00:000D  CD 00 00                    call GETSLT                     ; install new EXTBIO hook
      15   00:0010  2E F7                       ld l,$f7
      16   00:0012  67                          ld h,a
c:\msx\nowind\msxsrc\extendedBios.asm line 17: Label not found: EXTBIO
      17   00:0013  22 00 00                    ld (EXTBIO),hl
      18   00:0016  21 22 00                    ld hl,extendedBios
c:\msx\nowind\msxsrc\extendedBios.asm line 19: Label not found: EXTBIO
      19   00:0019  22 02 00                    ld (EXTBIO+2),hl
      20   00:001C  3E C9                       ld a,$c9
c:\msx\nowind\msxsrc\extendedBios.asm line 21: Label not found: EXTBIO
      21   00:001E  32 04 00                    ld (EXTBIO+4),a    
      22   00:0021  C9                          ret
      23   00:0022                      
      24   00:0022                      extendedBios:
      25   00:0022                              ; broadcast (0x00) not implemented
      26   00:0022                              ; system exclusive (0xff) not implemented
      27   00:0022                      
      28   00:0022  FB                          ei
      29   00:0023  F5                          push af
      30   00:0024  7A                          ld a,d
      31   00:0025  FE 4E                       cp $4e
      32   00:0027  28 0C                       jr z,determineFunction
      33   00:0029                      .exit:
      34   00:0029  E5                          push hl
      35   00:002A  C5                          push bc
c:\msx\nowind\msxsrc\extendedBios.asm line 36: Label not found: GETWRK
      36   00:002B  CD 00 00                    call GETWRK
      37   00:002E  DD 23                       inc ix            
      38   00:0030  C1                          pop bc        
      39   00:0031  E1                          pop hl
      40   00:0032  F1                          pop af
      41   00:0033  DD E9                       jp (ix)                         ; process other EXTBIO handles
      42   00:0035                      
      43   00:0035                      determineFunction:
      44   00:0035  E5                          push hl
c:\msx\nowind\msxsrc\extendedBios.asm line 45: Value out of range
      45   00:0036  DD 21 53 64                 ld ix,functionTable - 2 * $4e00
      46   00:003A  DD 19                       add ix,de
      47   00:003C  DD 19                       add ix,de        
      48   00:003E  DD 6E 00                    ld l,(ix+0)
      49   00:0041  DD 66 01                    ld h,(ix+1)
      50   00:0044  E3                          ex (sp),hl
      51   00:0045  C9                          ret
      52   00:0046                              
      53   00:0046  E5                          push hl
c:\msx\nowind\msxsrc\extendedBios.asm line 54: Value out of range
      54   00:0047  21 53 64                    ld hl,functionTable - 2 * $4e00
      55   00:004A  19                          add hl,de
      56   00:004B  19                          add hl,de
      57   00:004C  7E                          ld a,(hl)
      58   00:004D  23                          inc hl
      59   00:004E  66                          ld h,(hl)
      60   00:004F  6F                          ld l,a
      61   00:0050  EB                          ex de,hl
      62   00:0051  E3                          ex (sp),hl
      63   00:0052  C9                          ret
      64   00:0053                      
      65   00:0053                      functionTable:
      66   00:0053  59 00                       dw getSlotCode
      67   00:0055  5D 00                       dw numberOfInterfaces
      68   00:0057  62 00                       dw activate
      69   00:0059                      
      70   00:0059                      getSlotCode:               
      71   00:0059  F1                          pop af
c:\msx\nowind\msxsrc\extendedBios.asm line 72: Label not found: GETSLT
      72   00:005A  C3 00 00                    jp GETSLT
      73   00:005D                              
      74   00:005D                      numberOfInterfaces:
      75   00:005D  F1                          pop af
      76   00:005E  3C                          inc a
      77   00:005F  F5                          push af
      78   00:0060  18 C7                       jr extendedBios.exit
      79   00:0062                              
      80   00:0062                      activate:
c:\msx\nowind\msxsrc\extendedBios.asm line 81: Unrecognized instruction: debugmessage
      81   00:0062                              DEBUGMESSAGE "activate"
      82   00:0062  F1                          pop af        
      83   00:0063  C9                          ret

    LABELS
---------------------------------------
00:00000000 X installExtendedBios
00:00000022   extendedBios
00:00000029   extendedBios.exit
00:00000035   determineFunction
00:00000053   functionTable
00:00000059   getSlotCode
00:0000005D   numberOfInterfaces
00:00000062   activate


Output: c:\msx\nowind\msxsrc\extendedBios.out
--------------------------------------

 Page: 00
  Org: 00000000  Size: *  Used: 00000064

   Address   Length Align  Label
   00000000     100        installExtendedBios
